+----------------------+
| tici_index_meta_rows |
+----------------------+
|                  138 |
+----------------------+
+----------+-------------+
| status   | import_jobs |
+----------+-------------+
| finished |         138 |
+----------+-------------+
+--------+------------------+
| status | import_job_tasks |
+--------+------------------+
| finish |             3297 |
+--------+------------------+
+--------+-------------------------+------------+--------------------+--------------+-----------+----------+-----------+----------------------------+----------------------------+----------------------------+--------+----------+
| JOB_ID | DB_NAME                 | TABLE_NAME | JOB_TYPE           | SCHEMA_STATE | SCHEMA_ID | TABLE_ID | ROW_COUNT | CREATE_TIME                | START_TIME                 | END_TIME                   | STATE  | COMMENTS |
+--------+-------------------------+------------+--------------------+--------------+-----------+----------+-----------+----------------------------+----------------------------+----------------------------+--------+----------+
|   1004 | upgrade_probe_multi_fts |            | drop schema        | none         |       862 |        0 |         0 | 2026-05-20 03:50:03.256000 | 2026-05-20 03:50:03.307000 | 2026-05-20 03:50:03.406000 | synced |          |
|   1003 | jsm_assets4             | obj_new    | add fulltext index | public       |       813 |      804 |  14000000 | 2026-05-20 03:48:32.006000 | 2026-05-20 03:48:32.006000 | 2026-05-20 03:49:11.056000 | synced |          |
|   1002 | jsm_assets4             | obj_new    | add fulltext index | public       |       813 |      804 |  14000000 | 2026-05-20 03:47:51.406000 | 2026-05-20 03:47:51.406000 | 2026-05-20 03:48:30.256000 | synced |          |
|   1001 | jsm_assets4             | obj_new    | add fulltext index | public       |       813 |      804 |  14000000 | 2026-05-20 03:47:11.557000 | 2026-05-20 03:47:11.557000 | 2026-05-20 03:47:49.556000 | synced |          |
|   1000 | jsm_assets4             | obj_new    | add fulltext index | public       |       813 |      804 |  14000000 | 2026-05-20 03:46:32.756000 | 2026-05-20 03:46:32.756000 | 2026-05-20 03:47:09.806000 | synced |          |
|    999 | jsm_assets4             | obj_new    | add fulltext index | public       |       813 |      804 |  14000000 | 2026-05-20 03:45:49.856000 | 2026-05-20 03:45:49.856000 | 2026-05-20 03:46:31.156000 | synced |          |
|    998 | jsm_assets4             | obj_new    | add fulltext index | public       |       813 |      804 |  14000000 | 2026-05-20 03:45:08.406000 | 2026-05-20 03:45:08.406000 | 2026-05-20 03:45:48.356000 | synced |          |
|    997 | jsm_assets4             | obj_new    | add fulltext index | public       |       813 |      804 |  14000000 | 2026-05-20 03:44:28.357000 | 2026-05-20 03:44:28.357000 | 2026-05-20 03:45:06.807000 | synced |          |
|    996 | jsm_assets4             | obj_new    | add fulltext index | public       |       813 |      804 |  14000000 | 2026-05-20 03:43:47.106000 | 2026-05-20 03:43:47.106000 | 2026-05-20 03:44:26.756000 | synced |          |
|    995 | jsm_assets4             | obj_new    | add fulltext index | public       |       813 |      804 |  14000000 | 2026-05-20 03:43:06.306000 | 2026-05-20 03:43:06.306000 | 2026-05-20 03:43:45.156000 | synced |          |
+--------+-------------------------+------------+--------------------+--------------+-----------+----------+-----------+----------------------------+----------------------------+----------------------------+--------+----------+
